// Vitest Snapshot v1, https://vitest.dev/guide/snapshot.html

exports[`end-to-end: Incorporate C-Corp (company-launch playbook) > step rankings + process leaderboard + a temporarily-human step with computer-use options 1`] = `
{
  "bestPerStep": [
    {
      "nodeId": "n4",
      "score": 60,
      "top": "docusign",
    },
    {
      "nodeId": "n6",
      "score": 42,
      "top": "clerky",
    },
    {
      "nodeId": "n7",
      "score": 44.8,
      "top": "stripe-atlas",
    },
    {
      "nodeId": "n8",
      "score": 59.5,
      "top": "irs",
    },
  ],
  "computerUse": [
    {
      "label": "Sign the bylaws and initial board consent",
      "nodeId": "n6b",
      "options": [],
    },
  ],
  "leaderboard": [
    {
      "arenaId": "legal-ops",
      "processScore": 29.2,
      "productId": "clerky",
      "stepsServed": 3,
    },
    {
      "arenaId": "legal-ops",
      "processScore": 28.7,
      "productId": "stripe-atlas",
      "stepsServed": 3,
    },
    {
      "arenaId": "legal-ops",
      "processScore": 21,
      "productId": "docusign",
      "stepsServed": 3,
    },
    {
      "arenaId": "legal-ops",
      "processScore": 18.5,
      "productId": "legalzoom",
      "stepsServed": 3,
    },
    {
      "arenaId": "legal-ops",
      "processScore": 15.3,
      "productId": "ironclad",
      "stepsServed": 3,
    },
    {
      "arenaId": "government-services",
      "processScore": 14.9,
      "productId": "irs",
      "stepsServed": 1,
    },
    {
      "arenaId": "government-services",
      "processScore": 9.1,
      "productId": "eftps",
      "stepsServed": 1,
    },
    {
      "arenaId": "legal-ops",
      "processScore": 7.1,
      "productId": "beglaubigt",
      "stepsServed": 3,
    },
    {
      "arenaId": "legal-ops",
      "processScore": 4.8,
      "productId": "firstbase",
      "stepsServed": 3,
    },
  ],
  "rankableSteps": 4,
  "stepRankings": [
    {
      "label": "Choose formation service",
      "nodeId": "n1",
      "ranked": null,
    },
    {
      "label": "Check name availability",
      "nodeId": "n3",
      "ranked": null,
    },
    {
      "label": "Submit incorporation filing",
      "nodeId": "n4",
      "ranked": [
        "docusign:60",
        "clerky:47.1",
        "ironclad:33.4",
        "stripe-atlas:33.4",
        "beglaubigt:18",
        "legalzoom:13.7",
        "firstbase:10.3",
      ],
    },
    {
      "label": "Receive Certificate of Incorporation",
      "nodeId": "n5",
      "ranked": null,
    },
    {
      "label": "Prepare bylaws & initial resolutions",
      "nodeId": "n6",
      "ranked": [
        "clerky:42",
        "stripe-atlas:36.8",
        "legalzoom:31.5",
        "docusign:18",
        "ironclad:13.5",
        "firstbase:9",
        "beglaubigt:6.7",
      ],
    },
    {
      "label": "Sign the bylaws and initial board consent",
      "nodeId": "n6b",
      "ranked": null,
    },
    {
      "label": "Prepare the founder stock issuance",
      "nodeId": "n7",
      "ranked": [
        "stripe-atlas:44.8",
        "legalzoom:28.8",
        "clerky:27.6",
        "ironclad:14.4",
        "docusign:6",
        "beglaubigt:3.6",
        "firstbase:0",
      ],
    },
    {
      "label": "Founders sign the stock purchase agreements",
      "nodeId": "n7b",
      "ranked": null,
    },
    {
      "label": "Sign the 83(b) election",
      "nodeId": "n8a",
      "ranked": null,
    },
    {
      "label": "File 83(b) election with the IRS",
      "nodeId": "n8",
      "ranked": [
        "irs:59.5",
        "eftps:36.5",
      ],
    },
  ],
  "task": "form_001",
  "totalSteps": 10,
}
`;

exports[`end-to-end: Incorporate C-Corp (company-launch playbook) > temporarily-human steps carry ranked, verdict-backed computer-use options (corporate tax return) 1`] = `
[
  {
    "label": "CPA prepares return (2-3 weeks)",
    "nodeId": "n4",
    "options": [],
  },
  {
    "label": "Review draft return",
    "nodeId": "n5",
    "options": [
      "ai-assistants/chatgpt:90",
      "ai-assistants/claude:90",
      "ai-assistants/grok-bot:80",
      "ai-assistants/dots:70",
      "ai-assistants/copilot:70",
      "ai-assistants/perplexity:70",
      "ai-assistants/perplexity-computer:70",
      "browser-agents/skyvern:67.7",
    ],
  },
  {
    "label": "CPA files return with IRS",
    "nodeId": "n6",
    "options": [
      "ai-assistants/chatgpt:90",
      "ai-assistants/claude:90",
      "ai-assistants/grok-bot:80",
      "ai-assistants/dots:70",
      "ai-assistants/copilot:70",
      "ai-assistants/perplexity:70",
      "ai-assistants/perplexity-computer:70",
      "browser-agents/skyvern:67.7",
    ],
  },
]
`;

exports[`end-to-end: launch-website chain (founder ask: key other vendors for every move) > site generation lists ChatGPT (ai-assistants) and Framer/Figma/Canva (design-tools) beside the vibe-coding roster, each evidence-backed 1`] = `
[
  {
    "steps": [
      {
        "extras": [],
        "label": "Check registrar availability across TLDs",
        "nodeId": "n1",
        "primary": [
          "porkbun:53.5",
          "godaddy:52.9",
          "name-com:51.8",
          "namecheap:46.4",
          "dynadot:42.5",
          "cloudflare-registrar:40.4",
        ],
      },
      {
        "extras": [],
        "label": "Check matching social handles",
        "nodeId": "n2",
        "primary": null,
      },
      {
        "extras": [],
        "label": "Shortlist candidates with pricing and renewal costs",
        "nodeId": "n3",
        "primary": null,
      },
    ],
    "task": "domain_001",
  },
  {
    "steps": [
      {
        "extras": [],
        "label": "Register and pay at your registrar",
        "nodeId": "n2",
        "primary": [
          "porkbun:57.9",
          "godaddy:53.1",
          "name-com:44.1",
          "cloudflare-registrar:43",
          "namecheap:39",
          "dynadot:18",
        ],
      },
      {
        "extras": [],
        "label": "Provision DNS/SSL",
        "nodeId": "n3",
        "primary": [
          "cloudflare:45",
          "render:43.4",
          "vercel:38",
          "netlify:37.2",
          "fly-io:24",
          "railway:10.8",
        ],
      },
    ],
    "task": "domain_002",
  },
  {
    "steps": [
      {
        "extras": [
          {
            "arena": "ai-assistants",
            "vendors": [
              "claude:74",
              "chatgpt:57.6",
            ],
          },
          {
            "arena": "design-tools",
            "vendors": [
              "figma:80",
              "framer:66.7",
              "canva:53.3",
            ],
          },
        ],
        "label": "Generate the website with an agent",
        "nodeId": "n1",
        "primary": [
          "base44:77.7",
          "v0:65.2",
          "floot:58.2",
          "lovable:57.2",
          "bolt:55.8",
          "replit:52.5",
        ],
      },
      {
        "extras": [],
        "label": "Review the site before it goes live",
        "nodeId": "n3",
        "primary": null,
      },
      {
        "extras": [
          {
            "arena": "vibe-coding",
            "vendors": [
              "lovable:81",
              "floot:75",
              "bolt:71.7",
              "replit:63.3",
              "v0:51",
              "base44:45.7",
            ],
          },
        ],
        "label": "Publish to the CDN (edge deploy + SSL)",
        "nodeId": "n2",
        "primary": [
          "vercel:54.9",
          "render:50.4",
          "netlify:48.4",
          "cloudflare:40.1",
          "railway:31.1",
          "fly-io:22.9",
        ],
      },
    ],
    "task": "site_001",
  },
  {
    "steps": [
      {
        "extras": [],
        "label": "Search domain availability",
        "nodeId": "n1",
        "primary": [
          "porkbun:53.5",
          "godaddy:52.9",
          "name-com:51.8",
          "namecheap:46.4",
          "dynadot:42.5",
          "cloudflare-registrar:40.4",
        ],
      },
      {
        "extras": [],
        "label": "Register domain",
        "nodeId": "n2",
        "primary": [
          "name-com:70.2",
          "porkbun:67",
          "godaddy:55.2",
          "namecheap:51.6",
          "cloudflare-registrar:43.8",
          "dynadot:33.6",
        ],
      },
      {
        "extras": [],
        "label": "Transfer DNS to Cloudflare",
        "nodeId": "n3",
        "primary": [
          "netlify:90",
          "vercel:70",
          "render:70",
          "cloudflare:0",
          "railway:0",
          "fly-io:0",
        ],
      },
      {
        "extras": [],
        "label": "Configure DNS records",
        "nodeId": "n4",
        "primary": [
          "render:70",
          "netlify:54",
          "vercel:46",
          "cloudflare:42",
          "railway:10.8",
          "fly-io:0",
        ],
      },
      {
        "extras": [],
        "label": "Add domain to Vercel",
        "nodeId": "n5",
        "primary": [
          "netlify:90",
          "vercel:70",
          "render:70",
          "cloudflare:0",
          "railway:0",
          "fly-io:0",
        ],
      },
      {
        "extras": [],
        "label": "Verify SSL",
        "nodeId": "n6",
        "primary": [
          "cloudflare:70",
          "render:70",
          "vercel:30",
          "netlify:30",
          "railway:18",
          "fly-io:0",
        ],
      },
    ],
    "task": "prod_003",
  },
  {
    "steps": [
      {
        "extras": [],
        "label": "Create a project in your analytics platform",
        "nodeId": "n1",
        "primary": [
          "posthog:63",
          "amplitude:59.7",
          "plausible:26.7",
          "mixpanel:21.5",
        ],
      },
      {
        "extras": [
          {
            "arena": "ai-coding",
            "vendors": [
              "cursor:84.5",
              "claude-code:78.2",
              "opencode:77.3",
              "cline:72",
              "codex:71.8",
              "aider:71.8",
              "antigravity:63.1",
              "devin:61.8",
            ],
          },
        ],
        "label": "Install SDK in codebase",
        "nodeId": "n2",
        "primary": null,
      },
      {
        "extras": [],
        "label": "Define key events",
        "nodeId": "n3",
        "primary": [
          "amplitude:77.5",
          "posthog:64.5",
          "plausible:40",
          "mixpanel:26.3",
        ],
      },
      {
        "extras": [],
        "label": "Create dashboards",
        "nodeId": "n4",
        "primary": [
          "posthog:62.9",
          "mixpanel:54",
          "amplitude:35.4",
          "plausible:17.1",
        ],
      },
      {
        "extras": [],
        "label": "Set up funnels",
        "nodeId": "n5",
        "primary": [
          "posthog:75",
          "mixpanel:70",
          "amplitude:60",
          "plausible:53",
        ],
      },
      {
        "extras": [],
        "label": "Enable session recording",
        "nodeId": "n6",
        "primary": [
          "amplitude:70",
          "mixpanel:30",
          "posthog:27.6",
          "plausible:0",
        ],
      },
    ],
    "task": "prod_005",
  },
]
`;
